// Vitest Snapshot v1, https://vitest.dev/guide/snapshot.html

exports[`pipeline goldens > lays out block to a stable display list 1`] = `
[
  "polyline 24,20 96,20 dashed=false from=l0p0c0 to=l0p1c0",
  "polyline 96,20 24,84 dashed=false from=l0p0c0 to=l0p1c0",
  "box 0,0 48x40 r0",
  "label "Web" 24,20 center",
  "box 72,0 48x40 r0",
  "label "API" 96,20 center",
  "box 0,64 48x40 r0",
  "label "DB" 24,84 center",
]
`;

exports[`pipeline goldens > lays out c4 to a stable display list 1`] = `
[
  "polyline 40,28 160,54 dashed=false from=l0p0c0 to=l0p1c0",
  "box 0,0 80x56 r8",
  "label "Alice" 40,28 center",
  "box 104,0 224x98 r4",
  "label "Backend" 216,12 center",
  "box 120,26 80x56 r0",
  "label "API" 160,54 center",
  "box 224,26 88x56 r0",
  "label "Database" 268,54 center",
  "label "uses" 98,52 center",
]
`;

exports[`pipeline goldens > lays out class to a stable display list 1`] = `
[
  "polyline 62,98 62,158 dashed=false from=l0p1c0 to=l0p0c0",
  "polyline 102,98 102,108 212,108 212,158 dashed=false from=l0p1c0 to=l0p0c0",
  "box 22,12 120x86 r0",
  "label "«abstract»" 82,22 center",
  "label "Animal" 82,43 center",
  "polyline 22,58 142,58 dashed=false from=l0p0c0 to=l0p0c0",
  "label "+int age" 30,68 left",
  "label "+move() void" 30,88 left",
  "polyline 22,78 142,78 dashed=false from=l0p0c0 to=l0p0c0",
  "box 12,158 100x30 r0",
  "label "Duck" 62,173 center",
  "box 162,158 100x30 r0",
  "label "Leg" 212,173 center",
]
`;

exports[`pipeline goldens > lays out cloud to a stable display list 1`] = `
[
  "polyline 56,54 160,54 dashed=false from=l0p0c0 to=l0p0c0",
  "box 0,0 216x98 r4",
  "label "AWS" 108,12 center",
  "box 16,26 80x56 r0",
  "icon simpleicons/docker 46,32 20",
  "label "Web" 56,58 center",
  "box 120,26 80x56 r0",
  "icon simpleicons/googlecloudstorage 150,32 20",
  "label "Assets" 160,58 center",
]
`;

exports[`pipeline goldens > lays out er to a stable display list 1`] = `
[
  "polyline 146,47 206,47 dashed=false from=l2p0c0 to=l3p0c1",
  "box 12,12 134x70 r0",
  "label "CUSTOMER" 79,27 center",
  "polyline 12,42 146,42 dashed=false from=l0p0c0 to=l0p0c0",
  "label "string name PK" 20,52 left",
  "label "int age" 20,72 left",
  "box 206,32 96x30 r0",
  "label "ORDER" 254,47 center",
  "label "places" 176,58 center",
]
`;

exports[`pipeline goldens > lays out flowchart to a stable display list 1`] = `
[
  "polyline 64,52 64,92 dashed=false from=l0p0c0 to=l0p1c0",
  "polyline 52,132 52,172 dashed=false from=l0p0c0 to=l0p1c0",
  "polyline 76,132 76,142 102,142 102,222 68,222 68,252 dashed=false from=l0p0c0 to=l0p1c0",
  "polyline 52,212 52,252 dashed=false from=l0p0c0 to=l0p1c0",
  "box 32,12 64x40 r0",
  "label "Start" 64,32 center",
  "diamond 64,112 72x40",
  "label "Choice" 64,112 center",
  "box 12,172 80x40 r8",
  "label "Process" 52,192 center",
  "box 36,252 48x40 r8",
  "label "End" 60,272 center",
  "label "yes" 41,152 center",
  "label "no" 91,196 center",
]
`;

exports[`pipeline goldens > lays out gitGraph to a stable display list 1`] = `
[
  "polyline 116,42 200,112 dashed=false from=l0p0c0 to=l0p0c0",
  "polyline 116,42 284,42 dashed=false from=l0p0c0 to=l0p0c0",
  "polyline 284,42 368,42 dashed=false from=l0p0c0 to=l0p0c0",
  "polyline 200,112 368,42 dashed=false from=l0p0c0 to=l0p0c0",
  "box 16,29 72x26 r8",
  "label "main" 52,42 center",
  "box 16,99 72x26 r8",
  "label "develop" 52,112 center",
  "box 103,29 26x26 r13",
  "label "init" 116,42 center",
  "box 187,99 26x26 r13",
  "label "work" 200,112 center",
  "box 271,29 26x26 r13",
  "label "fix" 284,42 center",
  "box 355,29 26x26 r13",
  "label "c3 [v1]" 368,42 center",
]
`;

exports[`pipeline goldens > lays out mindmap to a stable display list 1`] = `
[
  "polyline 68,39 108,39 dashed=false from=l0p0c0 to=l0p0c0",
  "polyline 196,32 236,32 dashed=false from=l0p0c0 to=l0p0c0",
  "polyline 196,45 206,45 206,112 236,112 dashed=false from=l0p0c0 to=l0p0c0",
  "polyline 68,57 78,57 78,119 108,119 dashed=false from=l0p0c0 to=l0p0c0",
  "box 12,20 56x56 r28",
  "label "Root" 40,48 center",
  "box 108,19 88x40 r8",
  "label "Branch A" 152,39 center",
  "box 236,12 72x40 r8",
  "label "Leaf 1" 272,32 center",
  "box 236,92 72x40 r8",
  "label "Leaf 2" 272,112 center",
  "box 108,99 88x40 r8",
  "label "Branch B" 152,119 center",
]
`;

exports[`pipeline goldens > lays out network to a stable display list 1`] = `
[
  "polyline 44,24 172,24 dashed=false from=l0p0c0 to=l0p0c0",
  "polyline 172,24 44,112 dashed=false from=l0p0c0 to=l0p0c0",
  "box 0,0 88x48 r0",
  "icon arch/cloud 34,6 20",
  "label "Internet" 44,32 center",
  "box 128,0 88x48 r0",
  "icon arch/router 162,6 20",
  "label "Edge" 172,32 center",
  "box 0,88 88x48 r0",
  "icon arch/server 34,94 20",
  "label "Web" 44,120 center",
  "label "eth0" 102,59 center",
]
`;

exports[`pipeline goldens > lays out pie to a stable display list 1`] = `
[
  "wedge 174,174 r150 -1.571..3.142 c0",
  "label "Dogs 75%" 240,240 center",
  "wedge 174,174 r150 3.142..4.712 c1",
  "label "Cats 25%" 108,108 center",
]
`;

exports[`pipeline goldens > lays out requirement to a stable display list 1`] = `
[
  "polyline 88,82 88,142 dashed=true from=l0p0c0 to=l2p0c0",
  "box 24,142 128x90 r0",
  "label "req" 88,157 center",
  "polyline 24,172 152,172 dashed=false from=l0p0c0 to=l0p0c0",
  "label "«requirement»" 32,182 left",
  "label "id: 1" 32,202 left",
  "label "risk: high" 32,222 left",
  "polyline 24,192 152,192 dashed=false from=l0p0c0 to=l0p0c0",
  "box 12,12 152x70 r0",
  "label "ent" 88,27 center",
  "polyline 12,42 164,42 dashed=false from=l0p0c0 to=l0p0c0",
  "label "«element»" 20,52 left",
  "label "type: simulation" 20,72 left",
  "polyline 12,62 164,62 dashed=false from=l0p0c0 to=l0p0c0",
  "label "satisfies" 77,112 center",
]
`;

exports[`pipeline goldens > lays out sequence to a stable display list 1`] = `
[
  "polyline 32,40 32,190 dashed=true from=l0p0c0 to=l0p0c0",
  "polyline 154,40 154,190 dashed=true from=l0p0c0 to=l0p0c0",
  "polyline 32,120 154,120 dashed=false from=l0p0c0 to=l0p1c0",
  "polyline 154,160 32,160 dashed=true from=l0p0c0 to=l0p1c0",
  "box 0,0 64x40 r0",
  "label "Alice" 32,20 center",
  "box 124,0 60x40 r0",
  "label "Bob" 154,20 center",
  "label "Hello" 93,131 center",
  "label "Hi there" 93,149 center",
]
`;

exports[`pipeline goldens > lays out state to a stable display list 1`] = `
[
  "polyline 52,60 52,100 dashed=false from=l0p0c0 to=l0p1c0",
  "polyline 52,140 52,180 dashed=false from=l0p0c0 to=l0p1c0",
  "polyline 52,220 52,260 dashed=false from=l0p0c0 to=l0p1c0",
  "polyline 52,300 52,340 dashed=false from=l0p0c0 to=l0p1c0",
  "box 28,12 48x48 r24",
  "label "" 52,36 center",
  "box 24,100 56x40 r8",
  "label "Idle" 52,120 center",
  "box 12,180 80x40 r8",
  "label "Loading" 52,200 center",
  "box 20,260 64x40 r8",
  "label "Ready" 52,280 center",
  "box 28,340 48x48 r24",
  "label "" 52,364 center",
  "label "fetch" 41,160 center",
  "label "ok" 41,240 center",
]
`;

exports[`pipeline goldens > lays out state-composite to a stable display list 1`] = `
[
  "polyline 94,60 94,100 dashed=false from=l0p0c0 to=l0p1c0",
  "polyline 128,76 128,86 76,86 76,96 dashed=false from=l0p0c0 to=l0p1c0",
  "polyline 56,96 56,86 60,86 60,76 dashed=false from=l0p0c0 to=l0p1c0",
  "polyline 36,76 36,96 dashed=false from=l0p0c0 to=l0p1c0",
  "polyline 94,248 94,288 dashed=false from=l0p0c0 to=l0p1c0",
  "box 70,12 48x48 r24",
  "label "" 94,36 center",
  "box 70,288 48x48 r24",
  "label "" 94,312 center",
  "box 12,100 164x148 r4",
  "label "Active" 94,112 center",
  "box 116,128 48x48 r24",
  "label "" 140,152 center",
  "box 28,196 80x40 r8",
  "label "Running" 68,216 center",
  "box 24,136 72x40 r8",
  "label "Paused" 60,156 center",
  "label "pause" 58,97 center",
  "label "resume" 25,86 center",
]
`;

exports[`pipeline goldens > lays out timeline to a stable display list 1`] = `
[
  "polyline 62,70 172,70 282,70 dashed=false from=l0p0c0 to=l0p0c0",
  "box 16,52 92x36 r8",
  "label "2002" 62,70 center",
  "box 16,100 92x32 r0",
  "label "LinkedIn" 62,116 center",
  "box 126,52 92x36 r8",
  "label "2004" 172,70 center",
  "box 126,100 92x32 r0",
  "label "Facebook" 172,116 center",
  "box 126,144 92x32 r0",
  "label "Google" 172,160 center",
  "box 236,52 92x36 r8",
  "label "2006" 282,70 center",
  "box 236,100 92x32 r0",
  "label "Twitter" 282,116 center",
  "box 16,16 202x26 r4",
  "label "Early" 117,28 center",
  "box 236,16 92x26 r4",
  "label "Growth" 282,28 center",
]
`;
