// Vitest Snapshot v1, https://vitest.dev/guide/snapshot.html

exports[`pipeline goldens > lays out block to a stable display list 1`] = `
[
  "polyline 48,20 48,17 98,17 98,20 dashed=false from=l0p0c0 to=l0p1c0 mid=1",
  "polyline 98,20 88,20 88,27 78,27 78,104 58,104 48,104 dashed=false from=l0p0c0 to=l0p1c0 mid=2",
  "box 0,0 48x40 r0",
  "label "Web" 24,20 center",
  "box 98,0 48x40 r0",
  "label "API" 122,20 center",
  "box 0,84 48x40 r0",
  "label "DB" 24,104 center",
]
`;

exports[`pipeline goldens > lays out c4 to a stable display list 1`] = `
[
  "box 124,0 244x98 r4",
  "label "Backend" 246,12 center",
  "polyline 80,28 90,28 110,28 110,54 130,54 140,54 dashed=false from=l0p0c0 to=l0p1c0 mid=3",
  "box 0,0 80x56 r8",
  "label "Alice" 40,28 center",
  "box 140,26 80x56 r0",
  "label "API" 180,54 center",
  "box 264,26 88x56 r0",
  "label "Database" 308,54 center",
  "label "uses" 110,41 center",
]
`;

exports[`pipeline goldens > lays out class to a stable display list 1`] = `
[
  "polyline 82,98 82,158 62,158 dashed=false from=l0p1c0 to=l0p0c0 mid=2",
  "polyline 82,98 82,112 212,112 212,158 dashed=false from=l0p1c0 to=l0p0c0 mid=0",
  "box 22,12 120x86 r0",
  "label "«abstract»" 82,22 center",
  "label "Animal" 82,43 center",
  "polyline 22,58 142,58 dashed=false from=l0p0c0 to=l0p0c0 mid=0",
  "label "+int age" 30,68 left",
  "label "+move() void" 30,88 left",
  "polyline 22,78 142,78 dashed=false from=l0p0c0 to=l0p0c0 mid=0",
  "box 12,158 100x30 r0",
  "label "Duck" 62,173 center",
  "box 162,158 100x30 r0",
  "label "Leg" 212,173 center",
]
`;

exports[`pipeline goldens > lays out cloud to a stable display list 1`] = `
[
  "box 0,0 276x98 r4",
  "label "AWS" 138,12 center",
  "polyline 96,54 106,54 138,54 170,54 180,54 dashed=false from=l0p0c0 to=l0p0c0 mid=0",
  "box 16,26 80x56 r0",
  "icon simpleicons/docker 46,32 20",
  "label "Web" 56,58 center",
  "box 180,26 80x56 r0",
  "icon simpleicons/googlecloudstorage 210,32 20",
  "label "Assets" 220,58 center",
]
`;

exports[`pipeline goldens > lays out dot to a stable display list 1`] = `
[
  "polyline 60,32 100,32 dashed=false from=l0p0c0 to=l0p1c0 mid=1",
  "polyline 172,32 212,32 dashed=false from=l0p0c0 to=l0p1c0 mid=1",
  "box 12,12 48x40 r0",
  "label "a" 36,32 center",
  "box 100,12 72x40 r8",
  "label "middle" 136,32 center",
  "box 212,12 48x40 r8",
  "label "c" 236,32 center",
]
`;

exports[`pipeline goldens > lays out er to a stable display list 1`] = `
[
  "polyline 146,47 324,47 dashed=false from=l2p0c0 to=l3p0c1 mid=0",
  "box 12,12 134x70 r0",
  "label "CUSTOMER" 79,27 center",
  "polyline 12,42 146,42 dashed=false from=l0p0c0 to=l0p0c0 mid=0",
  "label "string name PK" 20,52 left",
  "label "int age" 20,72 left",
  "box 324,32 96x30 r0",
  "label "ORDER" 372,47 center",
  "label "places" 235,47 center",
]
`;

exports[`pipeline goldens > lays out flowchart to a stable display list 1`] = `
[
  "polyline 149,52 149,92 dashed=false from=l0p0c0 to=l0p1c0 mid=1",
  "polyline 149,132 149,230 130,230 dashed=false from=l0p0c0 to=l0p1c0 mid=2",
  "polyline 149,132 149,146 184,146 184,284 138,284 138,310 dashed=false from=l0p0c0 to=l0p1c0 mid=4",
  "polyline 130,270 130,310 138,310 dashed=false from=l0p0c0 to=l0p1c0 mid=1",
  "box 117,12 64x40 r0",
  "label "Start" 149,32 center",
  "diamond 149,112 112x40",
  "label "Authorized?" 149,112 center",
  "box 90,230 80x40 r0",
  "icon devicon/kubernetes 120,236 20",
  "label "Process" 130,262 center",
  "box 114,310 48x40 r0",
  "icon devicon/cloudflare 128,316 20",
  "label "End" 138,342 center",
  "label "yes\\nverified" 149,190 center",
  "label "no" 184,226 center",
]
`;

exports[`pipeline goldens > lays out gantt to a stable display list 1`] = `
[
  "band 0,18 310x120 section",
  "polyline 96,22 96,142 dashed=true from=l0p0c0 to=l0p0c0 mid=0",
  "label "2024-01-01" 96,8 center",
  "polyline 208,22 208,142 dashed=true from=l0p0c0 to=l0p0c0 mid=0",
  "label "2024-01-08" 208,8 center",
  "label "Work" 8,33 left",
  "box 96,22 80x22 r0",
  "label "Research" 136,33 center",
  "box 176,52 112x22 r0",
  "label "Build" 232,63 center",
  "box 96,82 48x22 r0",
  "label "Docs" 120,93 center",
  "diamond 288,123 44x22",
  "label "Ship" 288,123 center",
]
`;

exports[`pipeline goldens > lays out gantt-excludes to a stable display list 1`] = `
[
  "band 0,18 288x60 section",
  "band 128,22 16x60 excluded",
  "band 144,22 16x60 excluded",
  "band 240,22 16x60 excluded",
  "band 256,22 16x60 excluded",
  "polyline 96,22 96,82 dashed=true from=l0p0c0 to=l0p0c0 mid=0",
  "label "2024-01-04" 96,8 center",
  "polyline 208,22 208,82 dashed=true from=l0p0c0 to=l0p0c0 mid=0",
  "label "2024-01-11" 208,8 center",
  "label "Work" 8,33 left",
  "box 96,22 112x22 r0",
  "label "Build" 152,33 center",
  "box 208,52 80x22 r0",
  "label "Test" 248,63 center",
]
`;

exports[`pipeline goldens > lays out gitGraph to a stable display list 1`] = `
[
  "polyline 144,44 176,78 dashed=false from=l0p0c0 to=l0p1c0 mid=1",
  "polyline 145,30 233,30 dashed=false from=l0p0c0 to=l0p1c0 mid=1",
  "polyline 261,30 291,30 dashed=false from=l0p0c0 to=l0p1c0 mid=1",
  "polyline 203,85 291,37 dashed=false from=l0p0c0 to=l0p1c0 mid=1",
  "actor 16,5 72x50",
  "label "main" 52,47 center",
  "actor 16,67 72x50",
  "label "develop" 52,109 center",
  "box 117,16 28x28 r14",
  "label "" 131,30 center",
  "box 175,78 28x28 r14",
  "label "" 189,92 center",
  "box 233,16 28x28 r14",
  "label "" 247,30 center",
  "box 291,16 28x28 r14",
  "label "" 305,30 center",
]
`;

exports[`pipeline goldens > lays out mindmap to a stable display list 1`] = `
[
  "polyline 359,188 327,301 dashed=false from=l0p0c0 to=l0p0c0 mid=0",
  "polyline 327,301 474,431 dashed=false from=l0p0c0 to=l0p0c0 mid=0",
  "polyline 241,301 94,171 dashed=false from=l0p0c0 to=l0p0c0 mid=0",
  "polyline 359,154 391,41 dashed=false from=l0p0c0 to=l0p0c0 mid=0",
  "box 332,154 54x34 r17",
  "label "Root" 359,171 center",
  "box 241,284 86x34 r8",
  "label "Branch A" 284,301 center",
  "box 474,414 70x34 r8",
  "label "Leaf 1" 509,431 center",
  "box 24,154 70x34 r8",
  "label "Leaf 2" 59,171 center",
  "box 391,24 86x34 r8",
  "label "Branch B" 434,41 center",
]
`;

exports[`pipeline goldens > lays out network to a stable display list 1`] = `
[
  "polyline 88,24 98,24 112,24 126,24 136,24 dashed=false from=l0p0c0 to=l0p0c0 mid=0",
  "polyline 224,24 234,24 248,24 262,24 272,24 dashed=false from=l0p0c0 to=l0p0c0 mid=0",
  "box 0,0 88x48 r0",
  "icon devicon/cloudflare 34,6 20",
  "label "Internet" 44,32 center",
  "box 136,0 88x48 r0",
  "icon devicon/nginx 170,6 20",
  "label "Edge" 180,32 center",
  "box 272,0 88x48 r0",
  "icon devicon/docker 306,6 20",
  "label "Web" 316,32 center",
  "label "eth0" 248,24 center",
]
`;

exports[`pipeline goldens > lays out pie to a stable display list 1`] = `
[
  "wedge 174,174 r150/72 -1.571..3.142 c0",
  "label "75%" 240,240 center",
  "wedge 174,174 r150/72 3.142..4.712 c1",
  "label "25%" 108,108 center",
  "wedge 383,31 r7/0 0.000..6.283 c0",
  "label "Dogs" 398,31 left",
  "wedge 383,57 r7/0 0.000..6.283 c1",
  "label "Cats" 398,57 left",
]
`;

exports[`pipeline goldens > lays out requirement to a stable display list 1`] = `
[
  "polyline 98,82 98,220 dashed=true from=l0p0c0 to=l2p0c0 mid=1",
  "box 34,220 128x90 r0",
  "label "req" 98,235 center",
  "polyline 34,250 162,250 dashed=false from=l0p0c0 to=l0p0c0 mid=0",
  "label "«requirement»" 42,260 left",
  "label "id: 1" 42,280 left",
  "label "risk: high" 42,300 left",
  "polyline 34,270 162,270 dashed=false from=l0p0c0 to=l0p0c0 mid=0",
  "box 22,12 152x70 r0",
  "label "ent" 98,27 center",
  "polyline 22,42 174,42 dashed=false from=l0p0c0 to=l0p0c0 mid=0",
  "label "«element»" 30,52 left",
  "label "type: simulation" 30,72 left",
  "polyline 22,62 174,62 dashed=false from=l0p0c0 to=l0p0c0 mid=0",
  "label "satisfies" 98,151 center",
]
`;

exports[`pipeline goldens > lays out sequence to a stable display list 1`] = `
[
  "polyline 32,40 32,190 dashed=true from=l0p0c0 to=l0p0c0 mid=0",
  "polyline 154,40 154,190 dashed=true from=l0p0c0 to=l0p0c0 mid=0",
  "polyline 32,120 154,120 dashed=false from=l0p0c0 to=l0p1c0 mid=1",
  "polyline 154,160 32,160 dashed=true from=l0p0c0 to=l0p1c0 mid=1",
  "box 0,0 64x40 r0",
  "label "Alice" 32,20 center",
  "box 124,0 60x40 r0",
  "label "Bob" 154,20 center",
  "label "Hello" 93,131 center",
  "label "Hi there" 93,149 center",
]
`;

exports[`pipeline goldens > lays out state to a stable display list 1`] = `
[
  "polyline 66,60 66,100 dashed=false from=l0p0c0 to=l0p1c0 mid=1",
  "polyline 66,140 66,238 dashed=false from=l0p0c0 to=l0p1c0 mid=1",
  "polyline 66,278 66,376 dashed=false from=l0p0c0 to=l0p1c0 mid=1",
  "polyline 66,416 66,456 dashed=false from=l0p0c0 to=l0p1c0 mid=1",
  "stateStart 66,36 r24",
  "box 38,100 56x40 r8",
  "label "Idle" 66,120 center",
  "box 26,238 80x40 r8",
  "label "Loading" 66,258 center",
  "box 34,376 64x40 r8",
  "label "Ready" 66,396 center",
  "stateEnd 66,480 r24",
  "label "fetch" 66,189 center",
  "label "ok" 66,327 center",
]
`;

exports[`pipeline goldens > lays out state-composite to a stable display list 1`] = `
[
  "box 12,100 216x218 r4",
  "label "Active" 120,112 center",
  "polyline 120,60 120,100 dashed=false from=l0p0c0 to=l0p1c0 mid=1",
  "polyline 192,236 192,266 172,266 dashed=false from=l0p0c0 to=l0p1c0 mid=2",
  "polyline 172,266 172,246 83,246 83,168 dashed=false from=l0p0c0 to=l0p1c0 mid=3",
  "polyline 83,168 83,178 84,178 84,256 172,256 172,266 dashed=false from=l0p0c0 to=l0p1c0 mid=2",
  "polyline 120,318 120,358 dashed=false from=l0p0c0 to=l0p1c0 mid=1",
  "stateStart 120,36 r24",
  "stateEnd 120,382 r24",
  "stateStart 192,212 r24",
  "box 132,266 80x40 r8",
  "label "Running" 172,286 center",
  "box 47,128 72x40 r8",
  "label "Paused" 83,148 center",
  "label "pause" 99,246 center",
  "label "resume" 89,256 center",
]
`;

exports[`pipeline goldens > lays out timeline to a stable display list 1`] = `
[
  "box 16,16 202x26 r4",
  "label "Early" 117,28 center",
  "box 236,16 92x26 r4",
  "label "Growth" 282,28 center",
  "polyline 62,88 62,116 dashed=false from=l0p0c0 to=l0p0c0 mid=0",
  "polyline 172,88 172,116 dashed=false from=l0p0c0 to=l0p0c0 mid=0",
  "polyline 172,88 172,160 dashed=false from=l0p0c0 to=l0p0c0 mid=0",
  "polyline 282,88 282,116 dashed=false from=l0p0c0 to=l0p0c0 mid=0",
  "polyline 62,70 172,70 282,70 dashed=false from=l0p0c0 to=l0p0c0 mid=0",
  "box 16,52 92x36 r8",
  "label "2002" 62,70 center",
  "box 16,100 92x32 r0",
  "label "LinkedIn" 62,116 center",
  "box 126,52 92x36 r8",
  "label "2004" 172,70 center",
  "box 126,100 92x32 r0",
  "label "Facebook" 172,116 center",
  "box 126,144 92x32 r0",
  "label "Google" 172,160 center",
  "box 236,52 92x36 r8",
  "label "2006" 282,70 center",
  "box 236,100 92x32 r0",
  "label "Twitter" 282,116 center",
]
`;
